// Jest Snapshot v1, https://goo.gl/fbAQLP

exports[`DefineLangue 1`] = `
<div
  onClick={[Function]}
>
  <button>
    "en"
  </button>
</div>
`;

exports[`FormatMsg 1`] = `"hello inject"`;

exports[`InjectIntlLangWrapper inject 1`] = `
<div
  style={
    Object {
      "marginTop": "50px",
      "textAlign": "center",
    }
  }
/>
`;

exports[`IntlProvider config 1`] = `
<div
  style={
    Object {
      "marginTop": "50px",
      "textAlign": "center",
    }
  }
/>
`;
